[twitter.github.com/bootstrap/index.html]
[backblue.gif]
[fade.gif]
[index.html]
[twitter.github.com/bootstrap/assets/css/bootstrap.css]
[twitter.github.com/bootstrap/assets/css/bootstrap-responsive.css]
[twitter.github.com/bootstrap/assets/css/docs.css]
[twitter.github.com/bootstrap/assets/js/google-code-prettify/prettify.css]
[twitter.github.com/bootstrap/assets/ico/favicon.ico]
[twitter.github.com/bootstrap/assets/ico/apple-touch-icon.5.delayed]
[twitter.github.com/bootstrap/assets/ico/apple-touch-icon-72x72.6.delayed]
[twitter.github.com/bootstrap/assets/ico/apple-touch-icon-114x114.7.delayed]
[twitter.github.com/bootstrap/index-2.html]
[twitter.github.com/bootstrap/scaffolding.html]
[twitter.github.com/bootstrap/base-css.html]
[twitter.github.com/bootstrap/components.html]
[twitter.github.com/bootstrap/javascript.html]
[twitter.github.com/bootstrap/download.html]
[twitter.github.com/bootstrap/examples.html]
[twitter.github.com/bootstrap/assets/bootstrap.zip]
[twitter.github.com/bootstrap/upgrading.html]
[twitter.github.com/bootstrap/assets/img/glyphicons/glyphicons_042_group.png]
[twitter.github.com/bootstrap/assets/img/glyphicons/glyphicons_079_podium.png]
[twitter.github.com/bootstrap/assets/img/glyphicons/glyphicons_163_iphone.png]
[twitter.github.com/bootstrap/assets/img/glyphicons/glyphicons_155_show_thumbnails.png]
[twitter.github.com/bootstrap/assets/img/glyphicons/glyphicons_214_resize_small.png]
[twitter.github.com/bootstrap/assets/img/glyphicons/glyphicons_266_book_open.png]
[twitter.github.com/bootstrap/assets/img/glyphicons/glyphicons_082_roundabout.png]
[twitter.github.com/bootstrap/assets/img/glyphicons/glyphicons_009_magic.png]
[twitter.github.com/bootstrap/assets/img/less-small.png]
[twitter.github.com/bootstrap/assets/img/icon-html5.png]
[twitter.github.com/bootstrap/assets/img/icon-css3.png]
[twitter.github.com/bootstrap/assets/img/icon-github.png]
[twitter.github.com/bootstrap/assets/img/icon-twitter.png]
[twitter.github.com/bootstrap/assets/img/example-sites/kippt.png]
[twitter.github.com/bootstrap/assets/img/example-sites/fleetio.png]
[twitter.github.com/bootstrap/assets/img/example-sites/jshint.png]
[twitter.github.com/bootstrap/assets/js/jquery.js]
[twitter.github.com/bootstrap/assets/js/google-code-prettify/prettify.js]
[twitter.github.com/bootstrap/assets/js/bootstrap-transition.js]
[twitter.github.com/bootstrap/assets/js/bootstrap-alert.js]
[twitter.github.com/bootstrap/assets/js/bootstrap-modal.js]
[twitter.github.com/bootstrap/assets/js/bootstrap-dropdown.js]
[twitter.github.com/bootstrap/assets/js/bootstrap-scrollspy.js]
[twitter.github.com/bootstrap/assets/js/bootstrap-tab.js]
[twitter.github.com/bootstrap/assets/js/bootstrap-tooltip.js]
[twitter.github.com/bootstrap/assets/js/bootstrap-popover.js]
[twitter.github.com/bootstrap/assets/js/bootstrap-button.js]
[twitter.github.com/bootstrap/assets/js/bootstrap-collapse.js]
[twitter.github.com/bootstrap/assets/js/bootstrap-typeahead.js]
[twitter.github.com/bootstrap/index.html]
[twitter.github.com/bootstrap/assets/js/application.js]
[twitter.github.com/bootstrap/assets/img/glyphicons-halflings.png]
[twitter.github.com/bootstrap/assets/css/bootstrap.css]
[twitter.github.com/bootstrap/assets/img/glyphicons-halflings-white.png]
[twitter.github.com/bootstrap/assets/css/bootstrap-responsive.css]
[twitter.github.com/bootstrap/assets/img/grid-18px-masked.png]
[twitter.github.com/bootstrap/assets/css/docs.css]
[twitter.github.com/bootstrap/assets/js/google-code-prettify/prettify.css]
[twitter.github.com/bootstrap/assets/ico/apple-touch-icon.html]
[twitter.github.com/bootstrap/assets/ico/apple-touch-icon-72x72.html]
[twitter.github.com/bootstrap/assets/ico/apple-touch-icon-114x114.html]
[twitter.github.com/bootstrap/index-2.html]
[twitter.github.com/bootstrap/assets/img/responsive-illustrations.png]
[twitter.github.com/bootstrap/scaffolding.html]
[twitter.github.com/bootstrap/base-css.html]
[twitter.github.com/bootstrap/components.html]
[twitter.github.com/bootstrap/assets/img/bootstrap-mdo-sfmoma-01.jpg]
[twitter.github.com/bootstrap/assets/img/bootstrap-mdo-sfmoma-02.jpg]
[twitter.github.com/bootstrap/javascript.html]
[twitter.github.com/bootstrap/bootstrap-transition.38.delayed]
[twitter.github.com/bootstrap/bootstrap-modal.39.delayed]
[twitter.github.com/bootstrap/bootstrap-scrollspy.3b.delayed]
[twitter.github.com/bootstrap/bootstrap-tab.3c.delayed]
[twitter.github.com/bootstrap/bootstrap-tooltip.3d.delayed]
[twitter.github.com/bootstrap/bootstrap-popover.3e.delayed]
[twitter.github.com/bootstrap/bootstrap-alert.3f.delayed]
[twitter.github.com/bootstrap/bootstrap-button.40.delayed]
[twitter.github.com/bootstrap/bootstrap-collapse.41.delayed]
[twitter.github.com/bootstrap/bootstrap-carousel.42.delayed]
[twitter.github.com/bootstrap/bootstrap-typeahead.43.delayed]
[twitter.github.com/bootstrap/download.html]
[twitter.github.com/bootstrap/examples/hero.html]
[twitter.github.com/bootstrap/examples/fluid.html]
[twitter.github.com/bootstrap/assets/img/examples/bootstrap-example-fluid.jpg]
[twitter.github.com/bootstrap/examples.html]
[twitter.github.com/bootstrap/upgrading.html]
[twitter.github.com/bootstrap/assets/js/jquery.js]
[twitter.github.com/bootstrap/assets/js/google-code-prettify/prettify.js]
[twitter.github.com/bootstrap/assets/js/bootstrap-transition.js]
[twitter.github.com/bootstrap/assets/js/bootstrap-alert.js]
[twitter.github.com/bootstrap/assets/js/bootstrap-modal.js]
[twitter.github.com/bootstrap/assets/js/bootstrap-dropdown.js]
[twitter.github.com/bootstrap/assets/js/bootstrap-scrollspy.js]
[twitter.github.com/bootstrap/assets/js/bootstrap-tab.js]
[twitter.github.com/bootstrap/assets/js/bootstrap-tooltip.js]
[twitter.github.com/bootstrap/assets/js/bootstrap-popover.js]
[twitter.github.com/bootstrap/assets/js/bootstrap-button.js]
[twitter.github.com/bootstrap/assets/js/bootstrap-collapse.js]
[twitter.github.com/bootstrap/assets/js/bootstrap-typeahead.js]
[twitter.github.com/bootstrap/assets/js/application.js]
[twitter.github.com/bootstrap/assets/img/examples/bootstrap-example-starter.jpg]
[twitter.github.com/bootstrap/bootstrap-transition.html]
[twitter.github.com/bootstrap/bootstrap-modal.html]
[twitter.github.com/bootstrap/bootstrap-scrollspy.html]
[twitter.github.com/bootstrap/bootstrap-tab.html]
[twitter.github.com/bootstrap/bootstrap-tooltip.html]
[twitter.github.com/bootstrap/bootstrap-popover.html]
[twitter.github.com/bootstrap/bootstrap-alert.html]
[twitter.github.com/bootstrap/bootstrap-button.html]
[twitter.github.com/bootstrap/bootstrap-collapse.html]
[twitter.github.com/bootstrap/bootstrap-carousel.html]
[twitter.github.com/bootstrap/bootstrap-typeahead.html]
[twitter.github.com/bootstrap/examples/images/favicon.4a.delayed]
[twitter.github.com/bootstrap/examples/images/apple-touch-icon.4b.delayed]
[twitter.github.com/bootstrap/examples/hero.html]
[twitter.github.com/bootstrap/examples/fluid.html]
[twitter.github.com/bootstrap/examples/images/favicon.html]
[twitter.github.com/bootstrap/examples/images/apple-touch-icon.html]
